[     360ms] [ERROR] Failed to load resource: the server responded with a status of 404 (File not found) @ http://localhost:8777/favicon.ico:0
[     963ms] [LOG] {timestamp: Tue Jul 21 2026 11:51:47 GMT+0200 (Mitteleuropäische Sommerzeit), level: 2, origin: 4, topic: 4, event: 4} @ https://cdn.jsdelivr.net/npm/@duckdb/duckdb-wasm@1.28.0/+esm:6
[     979ms] [ERROR] Failed to load resource: the server responded with a status of 404 (File not found) @ http://localhost:8777/output/packs.parquet:0
[     980ms] [ERROR] Failed to load resource: the server responded with a status of 404 (File not found) @ http://localhost:8777/output/packs.parquet:0
[     981ms] [ERROR] Failed to load resource: the server responded with a status of 404 (File not found) @ http://localhost:8777/output/packs.parquet:0
[     981ms] [LOG] {timestamp: Tue Jul 21 2026 11:51:47 GMT+0200 (Mitteleuropäische Sommerzeit), level: 2, origin: 4, topic: 4, event: 4} @ https://cdn.jsdelivr.net/npm/@duckdb/duckdb-wasm@1.28.0/+esm:6
[     984ms] [ERROR] FAIL WITH: HEAD and GET requests failed: http://localhost:8777/../output/packs.parquet @ https://cdn.jsdelivr.net/npm/@duckdb/duckdb-wasm@1.28.0/dist/duckdb-browser-eh.worker.js:0
[     984ms] [LOG] Exception @ https://cdn.jsdelivr.net/npm/@duckdb/duckdb-wasm@1.28.0/dist/duckdb-browser-eh.worker.js:0
[     984ms] [ERROR] FAIL WITH: [object WebAssembly.Exception] @ https://cdn.jsdelivr.net/npm/@duckdb/duckdb-wasm@1.28.0/dist/duckdb-browser-eh.worker.js:0
[     985ms] [LOG] Error: Invalid Error: [object WebAssembly.Exception]
    at ko.runQuery (https://cdn.jsdelivr.net/npm/@duckdb/duckdb-wasm@1.28.0/dist/duckdb-browser-eh.worker.js:1:243897)
    at Qa.onMessage (https://cdn.jsdelivr.net/npm/@duckdb/duckdb-wasm@1.28.0/dist/duckdb-browser-eh.worker.js:1:231844)
    at Ru.globalThis.onmessage (https://cdn.jsdelivr.net/npm/@duckdb/duckdb-wasm@1.28.0/dist/duckdb-browser-eh.worker.js:1:265410) @ https://cdn.jsdelivr.net/npm/@duckdb/duckdb-wasm@1.28.0/dist/duckdb-browser-eh.worker.js:0
[     985ms] [LOG] {timestamp: Tue Jul 21 2026 11:51:47 GMT+0200 (Mitteleuropäische Sommerzeit), level: 2, origin: 4, topic: 4, event: 4} @ https://cdn.jsdelivr.net/npm/@duckdb/duckdb-wasm@1.28.0/+esm:6
[     987ms] [ERROR] FAIL WITH: HEAD and GET requests failed: http://localhost:8777/output/packs.parquet @ https://cdn.jsdelivr.net/npm/@duckdb/duckdb-wasm@1.28.0/dist/duckdb-browser-eh.worker.js:0
[     987ms] [LOG] Exception @ https://cdn.jsdelivr.net/npm/@duckdb/duckdb-wasm@1.28.0/dist/duckdb-browser-eh.worker.js:0
[     987ms] [ERROR] FAIL WITH: [object WebAssembly.Exception] @ https://cdn.jsdelivr.net/npm/@duckdb/duckdb-wasm@1.28.0/dist/duckdb-browser-eh.worker.js:0
[     987ms] [LOG] Error: Invalid Error: [object WebAssembly.Exception]
    at ko.runQuery (https://cdn.jsdelivr.net/npm/@duckdb/duckdb-wasm@1.28.0/dist/duckdb-browser-eh.worker.js:1:243897)
    at Qa.onMessage (https://cdn.jsdelivr.net/npm/@duckdb/duckdb-wasm@1.28.0/dist/duckdb-browser-eh.worker.js:1:231844)
    at Ru.globalThis.onmessage (https://cdn.jsdelivr.net/npm/@duckdb/duckdb-wasm@1.28.0/dist/duckdb-browser-eh.worker.js:1:265410) @ https://cdn.jsdelivr.net/npm/@duckdb/duckdb-wasm@1.28.0/dist/duckdb-browser-eh.worker.js:0
[     987ms] [LOG] {timestamp: Tue Jul 21 2026 11:51:47 GMT+0200 (Mitteleuropäische Sommerzeit), level: 2, origin: 4, topic: 4, event: 4} @ https://cdn.jsdelivr.net/npm/@duckdb/duckdb-wasm@1.28.0/+esm:6
[     989ms] [ERROR] FAIL WITH: HEAD and GET requests failed: http://localhost:8777/output/packs.parquet @ https://cdn.jsdelivr.net/npm/@duckdb/duckdb-wasm@1.28.0/dist/duckdb-browser-eh.worker.js:0
[     989ms] [LOG] Exception @ https://cdn.jsdelivr.net/npm/@duckdb/duckdb-wasm@1.28.0/dist/duckdb-browser-eh.worker.js:0
[     989ms] [ERROR] FAIL WITH: [object WebAssembly.Exception] @ https://cdn.jsdelivr.net/npm/@duckdb/duckdb-wasm@1.28.0/dist/duckdb-browser-eh.worker.js:0
[     989ms] [LOG] Error: Invalid Error: [object WebAssembly.Exception]
    at ko.runQuery (https://cdn.jsdelivr.net/npm/@duckdb/duckdb-wasm@1.28.0/dist/duckdb-browser-eh.worker.js:1:243897)
    at Qa.onMessage (https://cdn.jsdelivr.net/npm/@duckdb/duckdb-wasm@1.28.0/dist/duckdb-browser-eh.worker.js:1:231844)
    at Ru.globalThis.onmessage (https://cdn.jsdelivr.net/npm/@duckdb/duckdb-wasm@1.28.0/dist/duckdb-browser-eh.worker.js:1:265410) @ https://cdn.jsdelivr.net/npm/@duckdb/duckdb-wasm@1.28.0/dist/duckdb-browser-eh.worker.js:0
[     989ms] [LOG] {timestamp: Tue Jul 21 2026 11:51:47 GMT+0200 (Mitteleuropäische Sommerzeit), level: 2, origin: 4, topic: 4, event: 4} @ https://cdn.jsdelivr.net/npm/@duckdb/duckdb-wasm@1.28.0/+esm:6
